// Bun Snapshot v1, https://goo.gl/fbAQLP

exports[`createUser tests getVerifier 1`] = `
{
  "data": [
    177,
    191,
    33,
    104,
    54,
    215,
    189,
    240,
    163,
    56,
    201,
    141,
    134,
    146,
    26,
    104,
    69,
    254,
    62,
    149,
    53,
    14,
    93,
    138,
    165,
    63,
    193,
    166,
    197,
    95,
    147,
    54,
  ],
  "type": "Buffer",
}
`;
